// Jest Snapshot v1, https://goo.gl/fbAQLP

exports[`Keywords 1`] = `
Object {
  "children": Array [
    Object {
      "start": "def",
      "type": "keywords",
    },
    Object {
      "start": " ",
      "type": "text",
    },
    Object {
      "start": "defaultVariable",
      "type": "identifiers",
    },
    Object {
      "start": " ",
      "type": "text",
    },
    Object {
      "start": "=",
      "type": "operators",
    },
    Object {
      "start": " ",
      "type": "text",
    },
    Object {
      "start": "true",
      "type": "identifiers",
    },
  ],
  "start": "",
  "type": "root",
}
`;

exports[`String escaping 1`] = `
Object {
  "children": Array [
    Object {
      "children": Array [
        Object {
          "start": "Hello \\\\\\"World\\\\\\"!",
          "type": "text",
        },
      ],
      "end": "\\"",
      "start": "\\"",
      "type": "string",
    },
  ],
  "start": "",
  "type": "root",
}
`;
