// Jest Snapshot v1, https://goo.gl/fbAQLP

exports[`Dots 1`] = `
Object {
  "children": Array [
    Object {
      "start": "
  ",
      "type": "text",
    },
    Object {
      "start": "test",
      "type": "identifiers",
    },
    Object {
      "start": ".",
      "type": "dot",
    },
    Object {
      "start": "test",
      "type": "identifiers",
    },
    Object {
      "end": ")",
      "start": "(",
      "type": "round",
    },
    Object {
      "start": " ",
      "type": "text",
    },
    Object {
      "children": Array [
        Object {
          "start": " dot",
          "type": "text",
        },
      ],
      "end": "",
      "start": "//",
      "type": "linecomment",
    },
    Object {
      "start": "
  ",
      "type": "text",
    },
    Object {
      "start": "test",
      "type": "identifiers",
    },
    Object {
      "start": "?.",
      "type": "dot",
    },
    Object {
      "start": "test",
      "type": "identifiers",
    },
    Object {
      "end": ")",
      "start": "(",
      "type": "round",
    },
    Object {
      "start": " ",
      "type": "text",
    },
    Object {
      "children": Array [
        Object {
          "start": " safe dot",
          "type": "text",
        },
      ],
      "end": "",
      "start": "//",
      "type": "linecomment",
    },
    Object {
      "start": "
  ",
      "type": "text",
    },
    Object {
      "start": "test",
      "type": "identifiers",
    },
    Object {
      "start": "??.",
      "type": "dot",
    },
    Object {
      "start": "test",
      "type": "identifiers",
    },
    Object {
      "end": ")",
      "start": "(",
      "type": "round",
    },
    Object {
      "start": " ",
      "type": "text",
    },
    Object {
      "children": Array [
        Object {
          "start": " safe chain dot",
          "type": "text",
        },
      ],
      "end": "",
      "start": "//",
      "type": "linecomment",
    },
    Object {
      "start": "
  ",
      "type": "text",
    },
    Object {
      "start": "test",
      "type": "identifiers",
    },
    Object {
      "start": "*.",
      "type": "dot",
    },
    Object {
      "start": "test",
      "type": "identifiers",
    },
    Object {
      "end": ")",
      "start": "(",
      "type": "round",
    },
    Object {
      "start": " ",
      "type": "text",
    },
    Object {
      "children": Array [
        Object {
          "start": " spread dot",
          "type": "text",
        },
      ],
      "end": "",
      "start": "//",
      "type": "linecomment",
    },
    Object {
      "start": "
  ",
      "type": "text",
    },
    Object {
      "start": "test",
      "type": "identifiers",
    },
    Object {
      "start": "&.",
      "type": "dot",
    },
    Object {
      "start": "test",
      "type": "identifiers",
    },
    Object {
      "end": ")",
      "start": "(",
      "type": "round",
    },
    Object {
      "start": " ",
      "type": "text",
    },
    Object {
      "children": Array [
        Object {
          "start": " method reference",
          "type": "text",
        },
      ],
      "end": "",
      "start": "//",
      "type": "linecomment",
    },
    Object {
      "start": "
  ",
      "type": "text",
    },
    Object {
      "start": "test",
      "type": "identifiers",
    },
    Object {
      "start": ".*",
      "type": "dot",
    },
    Object {
      "start": " ",
      "type": "text",
    },
    Object {
      "children": Array [
        Object {
          "start": " import all",
          "type": "text",
        },
      ],
      "end": "",
      "start": "//",
      "type": "linecomment",
    },
    Object {
      "start": "
  ",
      "type": "text",
    },
  ],
  "start": "",
  "type": "root",
}
`;

exports[`Keywords 1`] = `
Object {
  "children": Array [
    Object {
      "start": "def",
      "type": "keywords",
    },
    Object {
      "start": " ",
      "type": "text",
    },
    Object {
      "start": "defaultVariable",
      "type": "identifiers",
    },
    Object {
      "start": " ",
      "type": "text",
    },
    Object {
      "start": "=",
      "type": "operators",
    },
    Object {
      "start": " ",
      "type": "text",
    },
    Object {
      "start": "true",
      "type": "identifiers",
    },
  ],
  "start": "",
  "type": "root",
}
`;

exports[`String escaping 1`] = `
Object {
  "children": Array [
    Object {
      "children": Array [
        Object {
          "start": "Hello \\\\\\"World\\\\\\"!",
          "type": "text",
        },
      ],
      "end": "\\"",
      "start": "\\"",
      "type": "string",
    },
  ],
  "start": "",
  "type": "root",
}
`;
